
> website@0.0.0 build
> tsc -b && vite build

src/App.tsx(1,1): error TS6133: 'motion' is declared but its value is never read.
